// Jest Snapshot v1, https://goo.gl/fbAQLP

exports[`Pruebas en <PrimeraApp/> debe de mostrar el mensaje Hola, soy Anderson 1`] = `
<Fragment>
  <h1>
     
    Hola, soy Anderson
     
  </h1>
  <p>
     
    React
     
  </p>
</Fragment>
`;
